Source      : C:\Users\Usuario\Desktop\Solucoes_Integradas_VB_Net_3_5\Solucoes_Integradas_VB_Net_3_5\bin\Debug\Armazenamento\dbPatrimonio.sdf
Destination : C:\Users\Usuario\AppData\Local\Temp\sql812E.tmp
Repairing - verMajor: 3, verMinor: 5, verBuild: 8080, verPoint: 0
Time - 2026-17-05 02:18:49.299

Source      : C:\Users\Usuario\Desktop\Solucoes_Integradas_VB_Net_3_5\Solucoes_Integradas_VB_Net_3_5\bin\Debug\Armazenamento\dbPatrimonio.sdf
Destination : C:\Users\Usuario\AppData\Local\Temp\sqlB0DF.tmp
Repairing - verMajor: 3, verMinor: 5, verBuild: 8080, verPoint: 0
Time - 2026-17-05 02:21:12.574

Source      : C:\Users\Usuario\Desktop\Solucoes_Integradas_VB_Net_3_5\Solucoes_Integradas_VB_Net_3_5\bin\Debug\Armazenamento\dbPatrimonio.sdf
Destination : C:\Users\Usuario\AppData\Local\Temp\sqlD498.tmp
Repairing - verMajor: 3, verMinor: 5, verBuild: 8080, verPoint: 0
Time - 2026-17-05 03:21:26.194

Source      : C:\Users\Usuario\Desktop\Solucoes_Integradas_VB_Net_3_5\Solucoes_Integradas_VB_Net_3_5\bin\Debug\Armazenamento\dbPatrimonio.sdf
Destination : C:\Users\Usuario\AppData\Local\Temp\sql9139.tmp
Repairing - verMajor: 3, verMinor: 5, verBuild: 8080, verPoint: 0
Time - 2026-17-05 03:23:20.028

Source      : C:\Users\Usuario\Desktop\Solucoes_Integradas_VB_Net_3_5\Solucoes_Integradas_VB_Net_3_5\bin\Debug\Armazenamento\dbPatrimonio.sdf
Destination : C:\Users\Usuario\AppData\Local\Temp\sqlE411.tmp
Repairing - verMajor: 3, verMinor: 5, verBuild: 8080, verPoint: 0
Time - 2026-17-05 03:33:31.051

Source      : C:\Users\Usuario\Desktop\Solucoes_Integradas_VB_Net_3_5\Solucoes_Integradas_VB_Net_3_5\bin\Debug\Armazenamento\dbPatrimonio.sdf
Destination : C:\Users\Usuario\AppData\Local\Temp\sql4CDE.tmp
Repairing - verMajor: 3, verMinor: 5, verBuild: 8080, verPoint: 0
Time - 2026-17-05 03:48:09.854

Source      : C:\Users\Usuario\Desktop\Solucoes_Integradas_VB_Net_3_5\Solucoes_Integradas_VB_Net_3_5\bin\Debug\Armazenamento\dbPatrimonio.sdf
Destination : C:\Users\Usuario\AppData\Local\Temp\sql6549.tmp
Repairing - verMajor: 3, verMinor: 5, verBuild: 8080, verPoint: 0
Time - 2026-17-05 03:51:32.706

Source      : C:\Users\Usuario\Desktop\Solucoes_Integradas_VB_Net_3_5\Solucoes_Integradas_VB_Net_3_5\bin\Debug\Armazenamento\dbPatrimonio.sdf
Destination : C:\Users\Usuario\AppData\Local\Temp\sqlCE54.tmp
Repairing - verMajor: 3, verMinor: 5, verBuild: 8080, verPoint: 0
Time - 2026-17-05 03:51:59.603

Source      : C:\Users\Usuario\Desktop\Solucoes_Integradas_VB_Net_3_5\Solucoes_Integradas_VB_Net_3_5\bin\Debug\Armazenamento\dbPatrimonio.sdf
Destination : C:\Users\Usuario\AppData\Local\Temp\sql3927.tmp
Repairing - verMajor: 3, verMinor: 5, verBuild: 8080, verPoint: 0
Time - 2026-17-05 04:13:12.136

Source      : C:\Users\Usuario\Desktop\Solucoes_Integradas_VB_Net_3_5\Solucoes_Integradas_VB_Net_3_5\bin\Debug\Armazenamento\dbPatrimonio.sdf
Destination : C:\Users\Usuario\AppData\Local\Temp\sqlD39E.tmp
Repairing - verMajor: 3, verMinor: 5, verBuild: 8080, verPoint: 0
Time - 2026-17-05 04:18:13.828

Source      : C:\Users\Usuario\Desktop\Solucoes_Integradas_VB_Net_3_5\Solucoes_Integradas_VB_Net_3_5\bin\Debug\Armazenamento\dbPatrimonio.sdf
Destination : C:\Users\Usuario\AppData\Local\Temp\sql8805.tmp
Repairing - verMajor: 3, verMinor: 5, verBuild: 8080, verPoint: 0
Time - 2026-17-05 04:20:05.547

Source      : C:\Users\Usuario\Desktop\Solucoes_Integradas_VB_Net_3_5\Solucoes_Integradas_VB_Net_3_5\bin\Debug\Armazenamento\dbPatrimonio.sdf
Destination : C:\Users\Usuario\AppData\Local\Temp\sql9CFB.tmp
Repairing - verMajor: 3, verMinor: 5, verBuild: 8080, verPoint: 0
Time - 2026-17-05 04:22:21.979

Source      : C:\Users\Usuario\Desktop\Solucoes_Integradas_VB_Net_3_5\Solucoes_Integradas_VB_Net_3_5\bin\Debug\Armazenamento\dbPatrimonio.sdf
Destination : C:\Users\Usuario\AppData\Local\Temp\sqlB079.tmp
Repairing - verMajor: 3, verMinor: 5, verBuild: 8080, verPoint: 0
Time - 2026-17-05 04:24:38.041

Source      : C:\Users\Usuario\Desktop\Solucoes_Integradas_VB_Net_3_5\Solucoes_Integradas_VB_Net_3_5\bin\Debug\Armazenamento\dbPatrimonio.sdf
Destination : C:\Users\Usuario\AppData\Local\Temp\sql269B.tmp
Repairing - verMajor: 3, verMinor: 5, verBuild: 8080, verPoint: 0
Time - 2026-17-05 04:30:35.965

Source      : C:\Users\Usuario\Desktop\Solucoes_Integradas_VB_Net_3_5\Solucoes_Integradas_VB_Net_3_5\bin\Debug\Armazenamento\dbPatrimonio.sdf
Destination : C:\Users\Usuario\AppData\Local\Temp\sql3E21.tmp
Repairing - verMajor: 3, verMinor: 5, verBuild: 8080, verPoint: 0
Time - 2026-17-05 04:32:53.059

Source      : C:\Users\Usuario\Desktop\Solucoes_Integradas_VB_Net_3_5\Solucoes_Integradas_VB_Net_3_5\bin\Debug\Armazenamento\dbPatrimonio.sdf
Destination : C:\Users\Usuario\AppData\Local\Temp\sql2304.tmp
Repairing - verMajor: 3, verMinor: 5, verBuild: 8080, verPoint: 0
Time - 2026-17-05 04:37:08.259

Source      : C:\Users\Usuario\Desktop\Solucoes_Integradas_VB_Net_3_5\Solucoes_Integradas_VB_Net_3_5\bin\Debug\Armazenamento\dbPatrimonio.sdf
Destination : C:\Users\Usuario\AppData\Local\Temp\sql2765.tmp
Repairing - verMajor: 3, verMinor: 5, verBuild: 8080, verPoint: 0
Time - 2026-17-05 13:16:13.436

Source      : C:\Users\Usuario\Desktop\Projetos\Solucoes_Integradas_VB_Net_3_5\Solucoes_Integradas_VB_Net_3_5\bin\Debug\Armazenamento\dbPatrimonio.sdf
Destination : C:\Users\Usuario\AppData\Local\Temp\sql52DF.tmp
Repairing - verMajor: 3, verMinor: 5, verBuild: 8080, verPoint: 0
Time - 2026-18-05 00:08:32.134

